PROFILE workout.presentation.appear main=true duration=0.3852905 seconds
PROFILE badge.read.values main=false duration=3.990798625 seconds
PROFILE history.read.values main=false duration=4.088069291 seconds
PROFILE history.project.values main=false duration=0.267264375 seconds
[WorkoutHistoryStore] workouts=1001 finished=1000 active=1 pending=1001 exercises=6020 sets=24000
PROFILE workout.keypadDigit main=true duration=0.001092208 seconds
PROFILE workout.keypadDigit main=true duration=0.000647167 seconds
PROFILE workout.keypadDigit main=true duration=0.000710708 seconds
PROFILE workout.keypadDigit main=true duration=0.000615875 seconds
PROFILE workout.keypadDigit main=true duration=0.000714375 seconds
PROFILE workout.keypadDigit main=true duration=0.000715125 seconds
PROFILE workout.keypadDigit main=true duration=0.000701709 seconds
PROFILE workout.keypadDigit main=true duration=0.000631166 seconds
PROFILE workout.keypadDigit main=true duration=0.000577375 seconds
PROFILE workout.keypadDigit main=true duration=0.000557333 seconds
PROFILE workout.keypadDigit main=true duration=0.00059675 seconds
PROFILE workout.keypadDigit main=true duration=0.000616292 seconds
PROFILE workout.keypadDigit main=true duration=0.000745791 seconds
PROFILE workout.keypadDigit main=true duration=0.0007105 seconds
PROFILE workout.keypadDigit main=true duration=0.000736375 seconds
PROFILE workout.keypadDigit main=true duration=0.00068425 seconds
PROFILE workout.keypadDigit main=true duration=0.000713375 seconds
PROFILE workout.keypadDigit main=true duration=0.000626375 seconds
PROFILE workout.keypadDigit main=true duration=0.000710167 seconds
PROFILE workout.keypadDigit main=true duration=0.000720167 seconds
PROFILE workout.keypadDigit main=true duration=0.000653708 seconds
PROFILE workout.keypadDigit main=true duration=0.000654583 seconds
PROFILE workout.keypadDigit main=true duration=0.000651375 seconds
PROFILE workout.keypadDigit main=true duration=0.000548417 seconds
PROFILE workout.keypadDigit main=true duration=0.000605125 seconds
PROFILE workout.keypadDigit main=true duration=0.000616166 seconds
PROFILE workout.keypadDigit main=true duration=0.000561125 seconds
PROFILE workout.keypadDigit main=true duration=0.000681333 seconds
PROFILE workout.keypadDigit main=true duration=0.000662917 seconds
PROFILE workout.keypadDigit main=true duration=0.000676833 seconds
PROFILE workout.keypadDigit main=true duration=0.000679792 seconds
PROFILE workout.completeSet main=true duration=0.030509958 seconds
PROFILE audio.prepare main=false duration=0.228173208 seconds
