PROFILE workout.presentation.appear main=true duration=0.360557583 seconds
PROFILE workout.presentation.appear main=true duration=0.166979584 seconds
PROFILE workout.presentation.appear main=true duration=0.161470334 seconds
PROFILE workout.presentation.appear main=true duration=0.161956542 seconds
PROFILE workout.presentation.appear main=true duration=0.268224334 seconds
PROFILE workout.presentation.appear main=true duration=0.158071625 seconds
PROFILE workout.presentation.appear main=true duration=0.1627835 seconds
PROFILE workout.presentation.appear main=true duration=0.168143542 seconds
PROFILE workout.presentation.appear main=true duration=0.160931458 seconds
PROFILE workout.presentation.appear main=true duration=0.163242166 seconds
PROFILE workout.presentation.appear main=true duration=0.163926125 seconds
PROFILE badge.read.values main=false duration=2.351188 seconds
PROFILE workout.presentation.appear main=true duration=0.237049416 seconds
PROFILE badge.read.values main=false duration=4.130214542 seconds
PROFILE history.read.values main=false duration=4.285797292 seconds
PROFILE workout.keypadDigit main=true duration=0.001049916 seconds
PROFILE history.project.values main=false duration=0.273551792 seconds
[WorkoutHistoryStore] workouts=1001 finished=1000 active=1 pending=1001 exercises=6020 sets=24000
PROFILE workout.keypadDigit main=true duration=0.00063225 seconds
PROFILE workout.keypadDigit main=true duration=0.000728416 seconds
PROFILE workout.keypadDigit main=true duration=0.000664917 seconds
PROFILE workout.keypadDigit main=true duration=0.0006925 seconds
PROFILE workout.keypadDigit main=true duration=0.0005705 seconds
PROFILE workout.keypadDigit main=true duration=0.000724917 seconds
PROFILE workout.keypadDigit main=true duration=0.000568125 seconds
PROFILE workout.keypadDigit main=true duration=0.00061 seconds
PROFILE workout.keypadDigit main=true duration=0.000730375 seconds
PROFILE workout.keypadDigit main=true duration=0.000585333 seconds
PROFILE workout.keypadDigit main=true duration=0.000609 seconds
PROFILE workout.keypadDigit main=true duration=0.000547375 seconds
PROFILE workout.keypadDigit main=true duration=0.000623083 seconds
PROFILE workout.keypadDigit main=true duration=0.000701 seconds
PROFILE workout.keypadDigit main=true duration=0.000538167 seconds
PROFILE workout.keypadDigit main=true duration=0.00065025 seconds
PROFILE workout.keypadDigit main=true duration=0.000697041 seconds
PROFILE workout.keypadDigit main=true duration=0.00062925 seconds
PROFILE workout.keypadDigit main=true duration=0.000746333 seconds
PROFILE workout.keypadDigit main=true duration=0.000752416 seconds
PROFILE workout.keypadDigit main=true duration=0.000720916 seconds
PROFILE workout.keypadDigit main=true duration=0.000683333 seconds
PROFILE workout.keypadDigit main=true duration=0.000493208 seconds
PROFILE workout.keypadDigit main=true duration=0.000621458 seconds
PROFILE workout.keypadDigit main=true duration=0.000646208 seconds
PROFILE workout.keypadDigit main=true duration=0.000680084 seconds
PROFILE workout.keypadDigit main=true duration=0.000700292 seconds
PROFILE workout.keypadDigit main=true duration=0.000753833 seconds
PROFILE workout.keypadDigit main=true duration=0.0006735 seconds
PROFILE workout.keypadDigit main=true duration=0.00054875 seconds
PROFILE workout.completeSet main=true duration=0.045180333 seconds
PROFILE audio.prepare main=false duration=0.454191417 seconds
